[backblue.gif]
[fade.gif]
[index.html]
[www.lhdworld.lk/index.html]
[www.lhdworld.lk/Secure/Login.html]
[www.lhdworld.lk/index9f90.html]
[www.lhdworld.lk/CSS/Login.css]
[www.lhdworld.lk/js/googleanalytics.js]
[www.lhdworld.lk/WebResourcef856.js]
[www.lhdworld.lk/WebResourceb320.js]
[www.lhdworld.lk/css_style/jquery-ui.css]
[www.lhdworld.lk/css_style/style.css]
[www.lhdworld.lk/css_style/responsive.css]
[www.lhdworld.lk/img/logo.png]
[www.lhdworld.lk/img/banner2.jpg]
[www.lhdworld.lk/Secure/frmForgotPwd.html]
[www.lhdworld.lk/img/trust.png]
[www.lhdworld.lk/Secure/Login.html]
[www.lhdworld.lk/Images/buttonBg.gif]
[www.lhdworld.lk/CSS/Login.css]
[www.lhdworld.lk/WebResourcef856.js]
[www.lhdworld.lk/WebResourceb320.js]
[www.lhdworld.lk/img/ui-icons_444444_256x240.png]
[www.lhdworld.lk/img/ui-icons_555555_256x240.png]
[www.lhdworld.lk/css_style/jquery-ui.css]
[www.lhdworld.lk/css_style/selectric.css]
[www.lhdworld.lk/css_style/flaticon.css]
[www.lhdworld.lk/img/burger-menu.png]
[www.lhdworld.lk/img/hamburger.png]
[www.lhdworld.lk/img/sm-arow.png]
[www.lhdworld.lk/img/nxt-prv.png]
[www.lhdworld.lk/img/sm-arow-2.png]
[www.lhdworld.lk/img/sm-arow-1.png]
[www.lhdworld.lk/img/closeBtn.png]
[www.lhdworld.lk/img/close-menu.png]
[www.lhdworld.lk/img/globe.png]
[www.lhdworld.lk/img/blue-arrow.png]
[www.lhdworld.lk/img/pdf-icon.png]
[www.lhdworld.lk/img/plus-icon.png]
[www.lhdworld.lk/img/upload.png]
[www.lhdworld.lk/img/date-icon.png]
[www.lhdworld.lk/img/radio-icon.png]
[www.lhdworld.lk/img/radio-icon-active.png]
[www.lhdworld.lk/img/edit-icon.png]
[www.lhdworld.lk/img/search-icon.png]
[www.lhdworld.lk/img/checkbox.png]
[www.lhdworld.lk/img/smal-check.png]
[www.lhdworld.lk/img/accord.png]
[www.lhdworld.lk/img/accord-active.png]
[www.lhdworld.lk/img/call-icon.png]
[www.lhdworld.lk/css_style/style.css]
[www.lhdworld.lk/img/shopping-cart.png]
[www.lhdworld.lk/css_style/responsive.css]
[www.lhdworld.lk/stylesheets/bootstrap.min.css]
[www.lhdworld.lk/stylesheets/theme.css]
[www.lhdworld.lk/stylesheets/font-awesome.css]
[www.lhdworld.lk/Secure/CCLogin.html]
[www.lhdworld.lk/Secure/frmForgotPwd.html]
[www.lhdworld.lk/Images/PanelContainer.html]
[www.lhdworld.lk/Images/DataGridBg.html]
[www.lhdworld.lk/Secure/POST.html]
[www.lhdworld.lk/img/ui-icons_ffffff_256x240.html]
[www.lhdworld.lk/img/ui-icons_777620_256x240.html]
[www.lhdworld.lk/img/ui-icons_cc0000_256x240.html]
[www.lhdworld.lk/img/ui-icons_777777_256x240.html]
[www.lhdworld.lk/img/sm-arow-1-drop.png]
[www.lhdworld.lk/css_style/selectric.css]
[www.lhdworld.lk/fonts/Flaticon.eot]
[www.lhdworld.lk/fonts/Flaticond41d.eot]
[www.lhdworld.lk/fonts/Flaticon.woff]
[www.lhdworld.lk/fonts/Flaticon.ttf]
[www.lhdworld.lk/css_style/flaticon.css]
[www.lhdworld.lk/stylesheets/selectric.css]
[www.lhdworld.lk/stylesheets/flaticon.css]
[www.lhdworld.lk/stylesheets/bootstrap.min.css]
[www.lhdworld.lk/images/homebg.jpg]
[www.lhdworld.lk/images/ban1.png]
[www.lhdworld.lk/stylesheets/theme.css]
[www.lhdworld.lk/stylesheets/font-awesome.css]
[www.lhdworld.lk/css_style/tinyscrollbar.css]
[www.lhdworld.lk/Secure/CCLogin.html]
[www.lhdworld.lk/fonts/Flaticon.svg]
[www.lhdworld.lk/css_style//fontsFlaticon.html]
[www.lhdworld.lk/stylesheets/selectric.css]
[www.lhdworld.lk/stylesheets/flaticon.css]
[www.lhdworld.lk/font/fontawesome-webfont.html]
[www.lhdworld.lk/font/fontawesome-webfontd41d.html]
[www.lhdworld.lk/font/fontawesome-webfont-2.html]
[www.lhdworld.lk/font/fontawesome-webfont-3.html]
[www.lhdworld.lk/font/fontawesome-webfont-4.html]
[www.lhdworld.lk/css_style/images/bg-scrollbar-thumb-y.png]
[www.lhdworld.lk/css_style/tinyscrollbar.css]
[www.lhdworld.lk/stylesheets//fontsFlaticon.html]
